
> frontend@0.1.0 test
> react-scripts test --watchAll=false --passWithNoTests

node.exe : PASS 
src/Simple.test.js
At line:1 char:1
+ & "C:\Program 
Files\nodejs/node.exe" 
"C:\Program 
Files\nodejs/node_mo ...
+ ~~~~~~~~~~~~~~~~~~~~~~~~
~~~~~~~~~~~~~~~~~~~~~~~~~~
~~~~~~~~~~~~~~~~~~~
    + CategoryInfo        
      : NotSpecified: (P  
  ASS src/Simple.test.j   
 s:String) [], RemoteE    
xception
    + FullyQualifiedError 
   Id : NativeCommandErr  
  or
 
FAIL src/App.test.js
  ΓùÅ renders login screen

    TypeError: Cannot 
read properties of 
undefined (reading 
'matches')

    [0m [90m  6 |[39m  
   [90m// Check 
localStorage or system 
preference[39m
     [90m  7 |[39m     
[36mconst[39m 
[theme[33m,[39m 
setTheme] [33m=[39m 
useState(() [33m=>[39m {
    
[31m[1m>[22m[39m[90m 
 8 |[39m         
[36mif[39m (localStorage
[33m.[39mtheme 
[33m===[39m 
[32m'dark'[39m 
[33m||[39m ([33m![39m(
[32m'theme'[39m 
[36min[39m 
localStorage) 
[33m&&[39m window[33m.
[39mmatchMedia([32m'(pref
ers-color-scheme: dark)'[
39m)[33m.[39mmatches)) {
     [90m    |[39m      
                          
                          
                          
                          
                
[31m[1m^[22m[39m
     [90m  9 |[39m      
       [36mreturn[39m [
32m'dark'[39m[33m;[39m
     [90m 10 |[39m      
   }
     [90m 11 |[39m      
   [36mreturn[39m [32m'
light'[39m[33m;[39m[0m

      at src/context/Theme
Context.jsx:8:126
      at mountStateImpl (n
ode_modules/react-dom/cjs/
react-dom-client.developme
nt.js:8268:24)
      at mountState (node_
modules/react-dom/cjs/reac
t-dom-client.development.j
s:8289:22)
      at Object.useState (
node_modules/react-dom/cjs
/react-dom-client.developm
ent.js:26243:18)
      at Object.<anonymous
>.process.env.NODE_ENV.exp
orts.useState (node_module
s/react/cjs/react.developm
ent.js:1263:34)
      at ThemeProvider (sr
c/context/ThemeContext.jsx
:7:39)
      at Object.react_stac
k_bottom_frame (node_modul
es/react-dom/cjs/react-dom
-client.development.js:259
04:20)
      at renderWithHooks (
node_modules/react-dom/cjs
/react-dom-client.developm
ent.js:7662:22)
      at 
updateFunctionComponent (n
ode_modules/react-dom/cjs/
react-dom-client.developme
nt.js:10166:19)
      at beginWork (node_m
odules/react-dom/cjs/react
-dom-client.development.js
:11778:18)
      at 
runWithFiberInDEV (node_mo
dules/react-dom/cjs/react-
dom-client.development.js:
874:13)
      at 
performUnitOfWork (node_mo
dules/react-dom/cjs/react-
dom-client.development.js:
17641:22)
      at workLoopSync (nod
e_modules/react-dom/cjs/re
act-dom-client.development
.js:17469:41)
      at renderRootSync (n
ode_modules/react-dom/cjs/
react-dom-client.developme
nt.js:17450:11)
      at 
performWorkOnRoot (node_mo
dules/react-dom/cjs/react-
dom-client.development.js:
16583:35)
      at performWorkOnRoot
ViaSchedulerTask (node_mod
ules/react-dom/cjs/react-d
om-client.development.js:1
8957:7)
      at flushActQueue (no
de_modules/react/cjs/react
.development.js:590:34)
      at Object.<anonymous
>.process.env.NODE_ENV.exp
orts.act (node_modules/rea
ct/cjs/react.development.j
s:884:10)
      at node_modules/@tes
ting-library/react/dist/ac
t-compat.js:46:25
      at renderRoot (node_
modules/@testing-library/r
eact/dist/pure.js:189:26)
      at render (node_modu
les/@testing-library/react
/dist/pure.js:291:10)
      at 
Object.<anonymous> 
(src/App.test.js:5:9)

Test Suites: 1 failed, 1 
passed, 2 total
Tests:       1 failed, 1 
passed, 2 total
Snapshots:   0 total
Time:        4.858 s
Ran all test suites.
